[www.kkiosk.ch/de/index.html]
[backblue.gif]
[fade.gif]
[index.html]
[www.kkiosk.ch/layout/img/favicons/apple-touch-icon.png]
[www.kkiosk.ch/layout/img/favicons/favicon.png]
[www.kkiosk.ch/layout/img/favicons/mstile.png]
[www.kkiosk.ch/layout/css/styles.css]
[www.kkiosk.ch/layout/img/preloader.png]
[www.kkiosk.ch/layout/img/logo.png]
[www.kkiosk.ch/layout/js/scripts.js]
[www.kkiosk.ch/layout/img/flag_ch.png]
[www.kkiosk.ch/de/wettbewerbe/index.html]
[www.kkiosk.ch/de/app/index.html]
[www.kkiosk.ch/de/angebote/index.html]
[www.kkiosk.ch/de/index-2.html]
[www.kkiosk.ch/de/sortiment/index.html]
[www.kkiosk.ch/de/engagement/index.html]
[www.kkiosk.ch/de/socialmedia/index.html]
[www.kkiosk.ch/layout/css/RoyalSlider/skins/default.css]
[www.kkiosk.ch/de/jobs/index.html]
[www.kkiosk.ch/layout/css/RoyalSlider.css]
[www.kkiosk.ch/de/agenturpartner/index.html]
[www.kkiosk.ch/layout/js/RoyalSlider.js]
[www.kkiosk.ch/de/ueberuns/index.html]
[www.kkiosk.ch/media/home/2017/buch_dan_brown_origin_s1.jpg]
[www.kkiosk.ch/de/allover/standortsuche/index.html]
[www.kkiosk.ch/de/offers/detail/977/jetzt-vorbestellen-sensationeller.html]
[www.kkiosk.ch/de/kontakt/index.html]
[www.kkiosk.ch/media/wettbewerbe/6843_ok_smash_slider_k_kioskr_2000x1200px_de.jpg]
[www.kkiosk.ch/media/sortiment/sandwiches/sandwiches_frische_s.jpg]
[www.kkiosk.ch/de/app/faq/index.html]
[www.kkiosk.ch/media/wettbewerbe/deals/deals_kk_s.jpg]
[www.kkiosk.ch/de/ueberuns/marke/index.html]
[www.kkiosk.ch/de/offers/detail/287/gutscheinheft-deals-k-kiosk.html]
[www.kkiosk.ch/de/ueberuns/geschichte/index.html]
[www.kkiosk.ch/media/home/2017/gola_urchig_kk_s2.jpg]
[www.kkiosk.ch/de/allover/suche/index.html]
[www.kkiosk.ch/de/offers/detail/947/exklusiv-cd-urchig-von-gola.html]
[www.kkiosk.ch/de/allover/laender/index.html]
[www.kkiosk.ch/media/sortiment/googleplay_chf_5_off_movie_2.png]
[www.kkiosk.ch/de/sortiment/sandwiches/index.html]
[www.kkiosk.ch/de/offers/detail/935/google-play-film-ab.html]
[www.kkiosk.ch/media/angebote/fontignac/fontignac_kk_s.jpg]
[www.kkiosk.ch/media/home/2017/battere_kkiosk.jpg]
[www.kkiosk.ch/mcinfo_assets/de/9fe0f87709637a22f942b6a425c3636accf20f0a.jpg]
[www.kkiosk.ch/de/angebote/fontignac/index.html]
[www.kkiosk.ch/de/offers/detail/866/airwaves-cool-cassis.html]
[www.kkiosk.ch/mcinfo_assets/de/d5852185c1cb2ada1943e8373b98850ddb14cd99.jpg]
[www.kkiosk.ch/de/offers/detail/456/smarties-halloween-kurbis.html]
[www.kkiosk.ch/mcinfo_assets/de/a5b86ae56d43c4ab99c95f6d89f3c45c49400831.jpg]
[www.kkiosk.ch/de/offers/detail/518/rivella-rot-und-blau.html]
[www.kkiosk.ch/mcinfo_assets/de/a536725b96a0ab2f084d0b6bc6ae87d9f8e615e8.jpg]
[www.kkiosk.ch/de/products/detail/792/los-win-for-life.html]
[www.kkiosk.ch/de/offers/detail/982/aktion-starbucks-kaffee-evian.html]
[www.kkiosk.ch/mcinfo_assets/de/b3b09a64bc5dd6120e5bdf9323ac9a01f4762aa1.jpg]
[www.kkiosk.ch/de/offers/detail/983/aktion-spettacolo-kaffee-evian.html]
[www.kkiosk.ch/mcinfo_assets/de/930a1358f79541d9e008bd439ec500fbddd31d24.jpg]
[www.kkiosk.ch/mcinfo_assets/de/270c7b1d08542b699fde15eb60552eb9b5d6e1e9.jpg]
[www.kkiosk.ch/de/products/detail/966/sticker-tradingcards-cars.html]
[www.kkiosk.ch/mcinfo_assets/de/0b174d1d14a0d9db7967e91f7a431f505e5cd32d.jpg]
[www.kkiosk.ch/de/offers/detail/965/neu-fanta-orange-instamix.html]
[www.kkiosk.ch/mcinfo_assets/de/46eb5193d47f5fd5700fcdf47dd2d133b2052f55.jpg]
[www.kkiosk.ch/layout/css/jQuery-SocialStream.css]
[www.kkiosk.ch/layout/js/jQuery-SocialStream.js]
[www.kkiosk.ch/mcinfo_assets/de/d5bf64eacb14099199c352f1045601119526ae9d.jpg]
[www.kkiosk.ch/media/home/teaser_okprepaidcards.jpg]
[www.kkiosk.ch/de/products/detail/index70bc.html]
[www.kkiosk.ch/media/sortiment/kaffee_kaffeepass2017_t.jpg]
[www.kkiosk.ch/de/contest/detail/index5409.html]
[www.kkiosk.ch/media/home/teaser_paecklipunkt.jpg]
[www.kkiosk.ch/media/home/teaser_storelocator.jpg]
[www.kkiosk.ch/layout/img/logo_footer.png]
[www.kkiosk.ch/de/products/detail/indexb540.html]
[www.kkiosk.ch/layout/img/logo_footer_valora.png]
[www.kkiosk.ch/de/index.html]
[www.kkiosk.ch/_lib/fancybox2/fancybox_sprite.png]
[www.kkiosk.ch/de/allover/impressum/index.html]
[www.kkiosk.ch/_lib/fancybox2/fancybox_loading.gif]
[www.kkiosk.ch/_lib/fancybox2/blank.gif]
[www.kkiosk.ch/_lib/fancybox2/fancybox_overlay.png]
[www.kkiosk.ch/_lib/fancybox2/fancybox_sprite@2x.png]
[www.kkiosk.ch/_lib/fancybox2/fancybox_loading@2x.gif]
[www.kkiosk.ch/_lib/jQuery-SocialStream/images/share.png]
[www.kkiosk.ch/layout/img/fancybox.png]
[www.kkiosk.ch/layout/img/close.png]
[www.kkiosk.ch/layout/img/prev.png]
[www.kkiosk.ch/layout/img/next.png]
[www.kkiosk.ch/layout/img/bg_socialmedia.jpg]
[www.kkiosk.ch/layout/css/styles.css]
[www.kkiosk.ch/layout/js/scripts.js]
[www.kkiosk.ch/de/angebote/index-2.html]
[www.kkiosk.ch/media/angebote/header.jpg]
[www.kkiosk.ch/mcinfo_assets/de/82773e561259433e414389344a0ed1a30cb81d7f.jpg]
[www.kkiosk.ch/mcinfo_assets/de/557f8fc162ff935b438a13435caef99eb188f358.jpg]
[www.kkiosk.ch/mcinfo_assets/de/c313d0552b197bc40caebd3d041317328190a8e9.jpg]
[www.kkiosk.ch/de/angebote/index.html]
[www.kkiosk.ch/de/sortiment/index-2.html]
[www.kkiosk.ch/media/sortiment/sortiment.jpg]
[www.kkiosk.ch/mcinfo_assets/de/99b97d8b26b81e7fcde93befa74d6b8650af30e5.jpg]
[www.kkiosk.ch/de/products/detail/938/sticker-lego-ninjago-movie.html]
[www.kkiosk.ch/mcinfo_assets/de/65413f4cda0b7ea9555c149c79ea45db11fe3fb7.jpg]
[www.kkiosk.ch/de/products/detail/940/ok-muesli-bar-choc-biscuit.html]
[www.kkiosk.ch/mcinfo_assets/de/3ff19efa2b951bd2bc6c99826926ac99a092ed99.jpg]
[www.kkiosk.ch/de/products/detail/937/tradingcards-pokemon-sun-moon.html]
[www.kkiosk.ch/mcinfo_assets/de/bead5856e12fc995557371d91d071cc76fbba772.jpg]
[www.kkiosk.ch/de/products/detail/891/tradingcards-ich-unverbesserlich.html]
[www.kkiosk.ch/mcinfo_assets/de/3a760119da7acac62f6029dcb4a1879a801681cc.jpg]
[www.kkiosk.ch/de/products/detail/892/stickers-ich-unverbesserlich.html]
[www.kkiosk.ch/mcinfo_assets/de/5127710547049fa30efe927e2d2ebe6fe4be2ce9.jpg]
[www.kkiosk.ch/de/products/detail/893/stickers-mia-and-me-4.html]
[www.kkiosk.ch/mcinfo_assets/de/fd2b9eb9f3d7bca3be91ceea9bf162dc12889e87.jpg]
[www.kkiosk.ch/de/products/detail/870/sticker-panini-uefa-woman.html]
[www.kkiosk.ch/mcinfo_assets/de/1f800cca69b6d8ec3607b744110f953d2263d178.jpg]
[www.kkiosk.ch/de/products/detail/872/sticker-bob-der-baumeister.html]
[www.kkiosk.ch/mcinfo_assets/de/1ffb9a0e3a0c469b27ca31b1b0dab7a3e299d5d5.jpg]
[www.kkiosk.ch/de/products/detail/865/ok-gym-bag.html]
[www.kkiosk.ch/mcinfo_assets/de/45020964b2110d6ede02a00efdc2a2d1ac3f2be3.jpg]
[www.kkiosk.ch/de/products/detail/297/pakete-retournieren-an-zalando.html]
[www.kkiosk.ch/mcinfo_assets/de/8e4aa78dbb2d1cb6a936cf536ffa9d4910fd8eed.jpg]
[www.kkiosk.ch/de/products/detail/556/ok-energy-drink-passion-fruit.html]
[www.kkiosk.ch/mcinfo_assets/de/3fba49ec3ec095ad0a3cd6ed6df8ccf2a80c1fd6.jpg]
[www.kkiosk.ch/de/products/detail/841/sonnencreme.html]
[www.kkiosk.ch/mcinfo_assets/de/132b6ad3affdc50bfedcb4169b93c4e0ed911c1c.jpg]
[www.kkiosk.ch/de/products/detail/846/ok-sunglasses-black-chrome.html]
[www.kkiosk.ch/mcinfo_assets/de/c59ebaa0a686f80729dc4c4468f3ae1293a09097.jpg]
[www.kkiosk.ch/de/products/detail/852/ok-sunglasses-lime.html]
[www.kkiosk.ch/mcinfo_assets/de/7121a85fcd47eb737f93922e77c89558ad7099d5.jpg]
[www.kkiosk.ch/de/products/detail/853/ok-sunglasses-halbgerahmt.html]
[www.kkiosk.ch/mcinfo_assets/de/e13327b618a4be418072fd2367fa93155a6cb831.jpg]
[www.kkiosk.ch/de/products/detail/871/tradingcards-pokemon-sun-moon.html]
[www.kkiosk.ch/mcinfo_assets/de/c5e68f393d383c1c954788dac8bf9b54146ec167.jpg]
[www.kkiosk.ch/de/products/detail/354/los-magic.html]
[www.kkiosk.ch/mcinfo_assets/de/d63ad7cf7288032d9634713fe4cb96747b6d8e87.jpg]
[www.kkiosk.ch/de/products/detail/358/los-go-for-gold.html]
[www.kkiosk.ch/mcinfo_assets/de/1c39389e5c74b7a7b2d358ac4e6dfb2dc0b327a9.jpg]
[www.kkiosk.ch/de/products/detail/370/tradingcards-marvel-missions.html]
[www.kkiosk.ch/mcinfo_assets/de/12ba406bbbf10d452d8d3399e04165034faca362.jpg]
[www.kkiosk.ch/de/products/detail/457/happy-day-los-spezial-extra.html]
[www.kkiosk.ch/mcinfo_assets/de/69cdc88cb8600118f0d2b915b1abd3beb206a5dc.jpg]
[www.kkiosk.ch/mcinfo_assets/de/637d1db52ba40e9482792026dc07332f70e86ff8.jpg]
[www.kkiosk.ch/de/products/detail/633/apple-music-card.html]
[www.kkiosk.ch/mcinfo_assets/de/0bc35e0500f028b4090dcabdd12bc35cb783d757.jpg]
[www.kkiosk.ch/de/products/detail/628/unterwegs-im-fruhling-ok-regenschirm.html]
[www.kkiosk.ch/mcinfo_assets/de/f1369740ea9b9b287bda4736122483f93de6839a.jpg]
[www.kkiosk.ch/de/products/detail/302/moneygram.html]
[www.kkiosk.ch/mcinfo_assets/de/e663248dcf667468f49f6ded01b5fcca8a5c34cc.jpg]
[www.kkiosk.ch/de/products/detail/596/sticker-bibi-und-tina-film.html]
[www.kkiosk.ch/mcinfo_assets/de/4530afe2a3ecca7bae167191eba5d8bacfbc3818.jpg]
[www.kkiosk.ch/de/products/detail/356/akku-leer-battere-ausleihen.html]
[www.kkiosk.ch/mcinfo_assets/de/383b62c9b6a5db639209b3956c9583230d954720.jpg]
[www.kkiosk.ch/de/products/detail/590/sticker-tierlialbum.html]
[www.kkiosk.ch/mcinfo_assets/de/fd0b4820cd4fc0eaf5c11655c464e5786ca26169.jpg]
[www.kkiosk.ch/de/products/detail/602/vitamin-well-gesunde-erfrischung.html]
[www.kkiosk.ch/de/products/detail/627/kaffee-spettacolo.html]
[www.kkiosk.ch/mcinfo_assets/de/955203a460c04e721608cc0c92fb7754be8432a3.jpg]
[www.kkiosk.ch/de/products/detail/498/tastes-like.html]
[www.kkiosk.ch/mcinfo_assets/de/187337438222ffe490e6be921c7093050eff59f7.jpg]
[www.kkiosk.ch/de/products/detail/580/ok-fruit-water-neu-bei-uns.html]
[www.kkiosk.ch/mcinfo_assets/de/1ee7db509703f2de5657dc13151a1c6900127cde.jpg]
[www.kkiosk.ch/de/products/detail/606/ok-happy-snack.html]
[www.kkiosk.ch/mcinfo_assets/de/d99b4196173b728af049fd36ae740ddcf0e61dff.jpg]
[www.kkiosk.ch/de/products/detail/522/ok-regenschirm.html]
[www.kkiosk.ch/mcinfo_assets/de/dd21685e03756cd1437bdf36dd8184f8380ceba4.jpg]
[www.kkiosk.ch/mcinfo_assets/de/ad6289bc444148b5ea9fa888fc34de52e439cfdc.jpg]
[www.kkiosk.ch/de/products/detail/501/mydays-geschenkkarten.html]
[www.kkiosk.ch/de/products/detail/502/feuerzeuge.html]
[www.kkiosk.ch/mcinfo_assets/de/d2f502f1fd3c6843310f68bbd3d7cae0145920fa.jpg]
[www.kkiosk.ch/de/products/detail/442/euro-millions-neu-2-chance.html]
[www.kkiosk.ch/mcinfo_assets/de/b0c9ec8825ee391ea9520a0f6b4aaccd113aa357.jpg]
[www.kkiosk.ch/de/products/detail/447/mit-pay-pos-bezahlen-und-losfliegen.html]
[www.kkiosk.ch/mcinfo_assets/de/61df2cf35c65e02d993d8874f816c58a55e3799d.jpg]
[www.kkiosk.ch/de/products/detail/441/swiss-lotto.html]
[www.kkiosk.ch/mcinfo_assets/de/5bb6e57cd53b2d8bcede881536bf77a8bddcfee7.jpg]
[www.kkiosk.ch/de/products/detail/361/das-traum-los.html]
[www.kkiosk.ch/mcinfo_assets/de/bf757ebfb7200cc279630e4d55c29df625e19445.jpg]
[www.kkiosk.ch/de/products/detail/378/zuckerfrei-durchstarten-ok.html]
[www.kkiosk.ch/mcinfo_assets/de/4878a42e0a1a41e44bdf6b49e971cf026eb2f47b.jpg]
[www.kkiosk.ch/de/products/detail/357/itunes-pass.html]
[www.kkiosk.ch/mcinfo_assets/de/4cf1e73ea03b676179a4293a624847f8cd736451.jpg]
[www.kkiosk.ch/de/products/detail/359/los-happy-day.html]
[www.kkiosk.ch/mcinfo_assets/de/bd21d76958a06f6fb14f8d0e68d825a2a8b61fbd.jpg]
[www.kkiosk.ch/de/products/detail/367/ok-gym-bag.html]
[www.kkiosk.ch/mcinfo_assets/de/15e9f57051d478dc6cc6d0fc170027864508ac91.jpg]
[www.kkiosk.ch/de/sortiment/telefonie/index.html]
[www.kkiosk.ch/mcinfo_assets/de/477e8090d0113af714bcd1d5ad91de4a3cbf5513.jpg]
[www.kkiosk.ch/de/products/detail/355/bei-uns-bezahlen.html]
[www.kkiosk.ch/mcinfo_assets/de/ab3519130548d3af0b6d4c06ffd3e2bee3813624.jpg]
[www.kkiosk.ch/de/products/detail/316/einzigartige-kombination-des.html]
[www.kkiosk.ch/mcinfo_assets/de/d9c2c079a28306fe7647fa0e9106cd763c01e3dd.jpg]
[www.kkiosk.ch/de/products/detail/318/schreibkarten.html]
[www.kkiosk.ch/mcinfo_assets/de/a3026cd139764ad3491ad9c7959c7bbf0bca4c26.jpg]
[www.kkiosk.ch/de/products/detail/319/lesebrillen.html]
[www.kkiosk.ch/mcinfo_assets/de/7dec0bf182ca2d765b003148dce4371bbc989959.jpg]
[www.kkiosk.ch/de/products/detail/321/postkarten.html]
[www.kkiosk.ch/mcinfo_assets/de/1059146b16d5f2438f22bcdf16f315830a8abed9.jpg]
[www.kkiosk.ch/de/products/detail/291/itunes-geschenkkarten.html]
[www.kkiosk.ch/mcinfo_assets/de/dd159dcf29acebb8107eef38f68b58199a596cc0.jpg]
[www.kkiosk.ch/de/products/detail/289/click-pick-press-books-bucher.html]
[www.kkiosk.ch/mcinfo_assets/de/60ddb02e998bd54dac5626b28dfcf3bc921bb4a0.jpg]
[www.kkiosk.ch/de/products/detail/290/ok-mobile.html]
[www.kkiosk.ch/mcinfo_assets/de/e6ebe1d9c96777a69c10e569894cc91b9217b08f.jpg]
[www.kkiosk.ch/de/products/detail/292/google-play.html]
[www.kkiosk.ch/mcinfo_assets/de/154a99a46698e08b969005ede0ad01557abd2dc6.jpg]
[www.kkiosk.ch/de/products/detail/293/gaming-playstation.html]
[www.kkiosk.ch/mcinfo_assets/de/3a1c54c0059a52a7ce69cfc6d621eed7443cd158.jpg]
[www.kkiosk.ch/de/products/detail/294/gaming-nintendo-eshop-cards.html]
[www.kkiosk.ch/mcinfo_assets/de/44e40abbdc0c4b5d2e8398bf526a65ef869878d1.jpg]
[www.kkiosk.ch/de/products/detail/296/geschenkkarte-von-cornercard.html]
[www.kkiosk.ch/mcinfo_assets/de/6d386e544e26ff1475faddc74c30b0d6c7b79d63.jpg]
[www.kkiosk.ch/de/products/detail/299/ok-prepaid-cards.html]
[www.kkiosk.ch/mcinfo_assets/de/ff92488544d30671b9ca0825163ca1e44abe9810.jpg]
[www.kkiosk.ch/de/products/detail/300/pay-kiosk-starticket.html]
[www.kkiosk.ch/mcinfo_assets/de/d8a75d3f873f0515716de26dab1cb6f1bee8118c.jpg]
[www.kkiosk.ch/de/products/detail/301/paysafecard.html]
[www.kkiosk.ch/mcinfo_assets/de/7d0057ee68e8863f7c1f3f36d341b9c05d9fa6fc.jpg]
[www.kkiosk.ch/mcinfo_assets/de/7b2960adb8a5002d6fe3cc576dd313247b42b22a.jpg]
[www.kkiosk.ch/de/products/detail/280/presse.html]
[www.kkiosk.ch/mcinfo_assets/de/bcf6b960371e9c0a976c712874f7ffbe55393faa.jpg]
[www.kkiosk.ch/de/products/detail/282/notfall.html]
[www.kkiosk.ch/mcinfo_assets/de/fcb3503e3848f6874221cad9187ee0efd37734c3.jpg]
[www.kkiosk.ch/de/products/detail/311/ok-regenschirm.html]
[www.kkiosk.ch/mcinfo_assets/de/9d3a68e30df704c468069e0664d86a8ccdb24ca0.jpg]
[www.kkiosk.ch/de/products/detail/313/ok-bier.html]
[www.kkiosk.ch/mcinfo_assets/de/9a1cf658551b4f8a8aa2e172a16c1c064c0bcd46.jpg]
[www.kkiosk.ch/de/products/detail/314/snack-fur-unterwegs-ok-fur.html]
[www.kkiosk.ch/mcinfo_assets/de/1e09c919c2e3775c0cbe2c11a127ebf94e92ed5b.jpg]
[www.kkiosk.ch/de/products/detail/315/ok-muffin.html]
[www.kkiosk.ch/mcinfo_assets/de/499e77f69f549be4900d5fefd8908c4a30a968a8.jpg]
[www.kkiosk.ch/de/sortiment/index.html]
[www.kkiosk.ch/de/products/detail/366/ungezahmt-ok-fur-mich.html]
[www.kkiosk.ch/de/wettbewerbe/index-2.html]
[www.kkiosk.ch/media/wettbewerbe/header.jpg]
[www.kkiosk.ch/mcinfo_assets/de/8d7b9db44ee52e810165fc935fa21f46a8d738c6.jpg]
[www.kkiosk.ch/mcinfo_assets/de/5d4cc0e24fb681d87331c527ea4870496c37ccc8.jpg]
[www.kkiosk.ch/mcinfo_assets/de/b5c1346dfe41b3e5e380f9c30117376bca270f56.jpg]
[www.kkiosk.ch/mcinfo_assets/de/3cb27a241e562b984158960bca942125f38eb653.jpg]
[www.kkiosk.ch/de/wettbewerbe/index.html]
[www.kkiosk.ch/de/contest/detail/indexd08d.html]
[www.kkiosk.ch/de/app/index-2.html]
[www.kkiosk.ch/media/app/kkiosk_app_t.jpg]
[www.kkiosk.ch/media/app/apple-store-badge.png]
[www.kkiosk.ch/media/app/google-play-badge.png]
[www.kkiosk.ch/media/app/resize__1000_2396_on_4d9fade2d0a3feceb77ef5e4a8ceea5e_006-cse2017-awardwinners.jpg]
[www.kkiosk.ch/de/app/index.html]
[www.kkiosk.ch/de/engagement/index-2.html]
[www.kkiosk.ch/media/engagement/1731265_ff_locarno_2017_p_b_1000x280px.jpg]
[www.kkiosk.ch/media/engagement/festivallocarno_t.jpg]
[www.kkiosk.ch/layout/css/fancybox2.css]
[www.kkiosk.ch/layout/js/fancybox2.js]
[www.kkiosk.ch/_lib/form/calculation-captcha.png]
[www.kkiosk.ch/media/engagement/kolumbien_aurora.jpg]
[www.kkiosk.ch/media/engagement/ok_energydrink_schneesport.jpg]
[www.kkiosk.ch/de/engagement/teilnahmebedingungen/index.html]
[www.kkiosk.ch/de/engagement/index.html]
[www.kkiosk.ch/de/socialmedia/index.html]
[www.kkiosk.ch/de/socialmedia/index-2.html]
[www.kkiosk.ch/de/jobs/index-2.html]
[www.kkiosk.ch/media/jobs/jobs.jpg]
[www.kkiosk.ch/media/jobs/mitarbeiterportraet.jpg]
[connect.facebook.net/de_DE/sdk.js]
[www.kkiosk.ch/de/jobs/index.html]
[www.kkiosk.ch/de/agenturpartner/index-2.html]
[www.kkiosk.ch/media/agenturpartner/header.jpg]
[www.kkiosk.ch/de/agenturpartner/index.html]
[www.kkiosk.ch/de/ueberuns/index-2.html]
[www.kkiosk.ch/media/ueberuns/header.jpg]
[www.kkiosk.ch/media/ueberuns/kkiosk_affoltern_aa_2017_3.jpg]
[www.kkiosk.ch/media/ueberuns/storefinder.jpg]
[www.kkiosk.ch/media/ueberuns/gottardo_2016.jpg]
[www.kkiosk.ch/media/ueberuns/sara_machts.jpg]
[www.kkiosk.ch/de/ueberuns/index.html]
[www.kkiosk.ch/de/allover/standortsuche/index-2.html]
[www.kkiosk.ch/layout/css/storefinder.css]
[www.kkiosk.ch/de/allover/standortsuche/index.html]
[www.kkiosk.ch/de/kontakt/index.html]
[www.kkiosk.ch/de/kontakt/index-2.html]
[www.kkiosk.ch/de/app/faq/index-2.html]
[www.kkiosk.ch/layout/css/jQueryUI-Core.css]
[www.kkiosk.ch/layout/js/jQueryUI-Core.js]
[www.kkiosk.ch/layout/css/jQueryUI-Accordion.css]
[www.kkiosk.ch/layout/js/jQueryUI-Accordion.js]
[www.kkiosk.ch/de/app/faq/index.html]
[www.kkiosk.ch/de/ueberuns/marke/index-2.html]
[www.kkiosk.ch/media/ueberuns/marke/header.jpg]
[www.kkiosk.ch/de/ueberuns/marke/index.html]
[www.kkiosk.ch/de/ueberuns/geschichte/index-2.html]
[www.kkiosk.ch/media/ueberuns/geschichte/header.jpg]
[www.kkiosk.ch/de/ueberuns/geschichte/index.html]
[www.kkiosk.ch/de/allover/suche/index-2.html]
[www.kkiosk.ch/layout/css/jQueryUI-Menu.css]
[www.kkiosk.ch/layout/js/jQueryUI-Menu.js]
[www.kkiosk.ch/layout/css/jQueryUI-Autocomplete.css]
[www.kkiosk.ch/layout/js/jQueryUI-Autocomplete.js]
[www.kkiosk.ch/layout/js/search.js]
[www.kkiosk.ch/de/allover/suche/index.html]
[www.kkiosk.ch/de/allover/laender/index-2.html]
[www.kkiosk.ch/media/ueberuns/kkiosk_ch.jpg]
[www.kkiosk.ch/media/ueberuns/kkiosk_lu.jpg]
[www.kkiosk.ch/media/ueberuns/kkiosk_de.jpg]
[www.kkiosk.ch/de/allover/laender/index.html]
[www.kkiosk.ch/de/index-2.html]
[www.kkiosk.ch/_lib/RoyalSlider/skins/default/rs-default.png]
[www.kkiosk.ch/_lib/RoyalSlider/skins/preloaders/preloader-white.gif]
[www.kkiosk.ch/layout/css/RoyalSlider/skins/default.css]
[www.kkiosk.ch/_lib/RoyalSlider/grab.png]
[www.kkiosk.ch/_lib/RoyalSlider/grabbing.png]
[www.kkiosk.ch/_lib/RoyalSlider/blank.gif]
[www.kkiosk.ch/layout/css/RoyalSlider.css]
[www.kkiosk.ch/layout/js/RoyalSlider.js]
[www.kkiosk.ch/de/offers/detail/index.html]
[www.kkiosk.ch/de/offers/detail/977/jetzt-vorbestellen-sensationeller.html]
[www.kkiosk.ch/de/sortiment/sandwiches/index-2.html]
[www.kkiosk.ch/media/sortiment/sandwiches/teaser_sandwiches.jpg]
[www.kkiosk.ch/media/sortiment/sandwiches/truten_schinken.jpg]
[www.kkiosk.ch/media/sortiment/sandwiches/chicken-curry_salat.jpg]
[www.kkiosk.ch/media/sortiment/sandwiches/lachs_bagel.jpg]
[www.kkiosk.ch/media/sortiment/sandwiches/pasta-pesto-chicken_salat.jpg]
[www.kkiosk.ch/media/sortiment/sandwiches/pouet-kebab_wrap.jpg]
[www.kkiosk.ch/media/sortiment/sandwiches/muesli_kirsch.jpg]
[www.kkiosk.ch/media/sortiment/sandwiches/thon_wrap.jpg]
[www.kkiosk.ch/media/sortiment/sandwiches/muesli_johannis.jpg]
[www.kkiosk.ch/media/sortiment/sandwiches/farbcode.png]
[www.kkiosk.ch/de/sortiment/sandwiches/index.html]
[www.kkiosk.ch/de/offers/detail/287/gutscheinheft-deals-k-kiosk.html]
[www.kkiosk.ch/media/angebote/gola_urchig_produkt.jpg]
[www.kkiosk.ch/de/offers/detail/947/exklusiv-cd-urchig-von-gola.html]
[www.kkiosk.ch/de/offers/detail/935/google-play-film-ab.html]
[www.kkiosk.ch/de/angebote/fontignac/index-2.html]
[www.kkiosk.ch/media/home/2017/6450-glasklar-punkten-2000x1200.png]
[www.kkiosk.ch/media/angebote/fontignac/rotweinglas_gefüllt.jpg]
[www.kkiosk.ch/media/angebote/fontignac/fontignac_treueheft.jpg]
[www.kkiosk.ch/media/angebote/fontignac/fontignac_longdrinkglas.jpg]
[www.kkiosk.ch/media/angebote/fontignac/fontignac_whisky-wasserglas.jpg]
[www.kkiosk.ch/media/angebote/fontignac/fontignac_weissweinglas.jpg]
[www.kkiosk.ch/media/angebote/fontignac/fontignac_likoerglas.jpg]
[www.kkiosk.ch/media/angebote/fontignac/fontignac_schale.jpg]
[www.kkiosk.ch/media/angebote/fontignac/sektglas_gefüllt.jpg]
[www.kkiosk.ch/de/angebote/fontignac/index.html]
[www.kkiosk.ch/de/products/detail/index3d1c.html]
[www.kkiosk.ch/de/offers/detail/866/airwaves-cool-cassis.html]
[www.kkiosk.ch/de/offers/detail/456/smarties-halloween-kurbis.html]
[www.kkiosk.ch/de/offers/detail/518/rivella-rot-und-blau.html]
[www.kkiosk.ch/de/products/detail/index.html]
[www.kkiosk.ch/de/products/detail/792/los-win-for-life.html]
[www.kkiosk.ch/de/offers/detail/982/aktion-starbucks-kaffee-evian.html]
[www.kkiosk.ch/de/offers/detail/983/aktion-spettacolo-kaffee-evian.html]
[www.kkiosk.ch/de/products/detail/966/sticker-tradingcards-cars.html]
[www.kkiosk.ch/de/offers/detail/965/neu-fanta-orange-instamix.html]
[www.kkiosk.ch/layout/css/jQuery-SocialStream.css]
[www.kkiosk.ch/layout/js/jQuery-SocialStream.js]
[www.kkiosk.ch/de/products/detail/index70bc.html]
[www.kkiosk.ch/de/contest/detail/index5409.html]
[www.kkiosk.ch/de/products/detail/indexb540.html]
[www.kkiosk.ch/de/contest/detail/index.html]
[www.kkiosk.ch/de/allover/impressum/index.html]
[fast.fonts.net/t/1d078.css]
[www.kkiosk.ch/de/404/index.html]
[www.kkiosk.ch/de/angebote/index-2.html]
[www.kkiosk.ch/de/sortiment/index-2.html]
[www.kkiosk.ch/de/products/detail/938/sticker-lego-ninjago-movie.html]
[www.kkiosk.ch/de/products/detail/940/ok-muesli-bar-choc-biscuit.html]
[www.kkiosk.ch/de/products/detail/937/tradingcards-pokemon-sun-moon.html]
[platform.twitter.com/widgets.js]
[www.kkiosk.ch/de/products/detail/891/tradingcards-ich-unverbesserlich.html]
[www.kkiosk.ch/de/products/detail/892/stickers-ich-unverbesserlich.html]
[www.kkiosk.ch/de/products/detail/893/stickers-mia-and-me-4.html]
[www.kkiosk.ch/de/products/detail/870/sticker-panini-uefa-woman.html]
[www.kkiosk.ch/de/products/detail/872/sticker-bob-der-baumeister.html]
[www.kkiosk.ch/de/allover/impressum/index-2.html]
[www.kkiosk.ch/de/products/detail/865/ok-gym-bag.html]
[www.kkiosk.ch/de/products/detail/297/pakete-retournieren-an-zalando.html]
[www.kkiosk.ch/de/products/detail/556/ok-energy-drink-passion-fruit.html]
[www.kkiosk.ch/de/products/detail/841/sonnencreme.html]
[www.kkiosk.ch/de/products/detail/846/ok-sunglasses-black-chrome.html]
[www.kkiosk.ch/de/products/detail/852/ok-sunglasses-lime.html]
[www.kkiosk.ch/de/products/detail/853/ok-sunglasses-halbgerahmt.html]
[www.kkiosk.ch/de/products/detail/871/tradingcards-pokemon-sun-moon.html]
[www.kkiosk.ch/de/products/detail/354/los-magic.html]
[www.kkiosk.ch/de/products/detail/358/los-go-for-gold.html]
[www.kkiosk.ch/de/products/detail/370/tradingcards-marvel-missions.html]
[www.kkiosk.ch/de/products/detail/457/happy-day-los-spezial-extra.html]
[www.kkiosk.ch/media/sortiment/apple_musiccard_karten.jpg]
[www.kkiosk.ch/de/products/detail/633/apple-music-card.html]
[www.kkiosk.ch/de/products/detail/628/unterwegs-im-fruhling-ok-regenschirm.html]
[www.kkiosk.ch/de/products/detail/302/moneygram.html]
[www.kkiosk.ch/de/products/detail/596/sticker-bibi-und-tina-film.html]
[www.kkiosk.ch/media/sortiment/battere_premiumabo_swisspass.jpg]
[www.kkiosk.ch/de/products/detail/356/akku-leer-battere-ausleihen.html]
[www.kkiosk.ch/de/products/detail/590/sticker-tierlialbum.html]
[www.kkiosk.ch/media/sortiment/vitaminwell_sorten_t.jpg]
[www.kkiosk.ch/de/products/detail/602/vitamin-well-gesunde-erfrischung.html]
[www.kkiosk.ch/de/products/detail/627/kaffee-spettacolo.html]
[www.kkiosk.ch/de/products/detail/498/tastes-like.html]
[www.kkiosk.ch/de/products/detail/580/ok-fruit-water-neu-bei-uns.html]
[www.kkiosk.ch/de/products/detail/606/ok-happy-snack.html]
[www.kkiosk.ch/de/products/detail/522/ok-regenschirm.html]
[www.kkiosk.ch/de/products/detail/501/mydays-geschenkkarten.html]
[www.kkiosk.ch/de/products/detail/502/feuerzeuge.html]
[www.kkiosk.ch/de/products/detail/442/euro-millions-neu-2-chance.html]
[www.kkiosk.ch/de/products/detail/447/mit-pay-pos-bezahlen-und-losfliegen.html]
[www.kkiosk.ch/de/products/detail/441/swiss-lotto.html]
[www.kkiosk.ch/de/products/detail/361/das-traum-los.html]
[www.kkiosk.ch/de/products/detail/378/zuckerfrei-durchstarten-ok.html]
[www.kkiosk.ch/de/products/detail/357/itunes-pass.html]
[www.kkiosk.ch/de/products/detail/359/los-happy-day.html]
[www.kkiosk.ch/de/products/detail/367/ok-gym-bag.html]
[www.kkiosk.ch/media/sortiment/telefonie/telefonie.jpg]
[www.kkiosk.ch/media/sortiment/telefonie/lebara_world.jpg]
[www.kkiosk.ch/media/sortiment/telefonie/ok_mobile.jpg]
[www.kkiosk.ch/media/sortiment/telefonie/swisscom_logo.jpg]
[www.kkiosk.ch/media/sortiment/telefonie/lebara.jpg]
[www.kkiosk.ch/media/sortiment/telefonie/ortel_logo.jpg]
[www.kkiosk.ch/media/sortiment/telefonie/talk_easy_logo.jpg]
[www.kkiosk.ch/media/sortiment/telefonie/lyca_mobile.jpg]
[www.kkiosk.ch/media/sortiment/telefonie/salt_logo.jpg]
[www.kkiosk.ch/media/sortiment/telefonie/talktalk_logo.jpg]
[www.kkiosk.ch/media/sortiment/telefonie/mucho_logo.jpg]
[www.kkiosk.ch/media/sortiment/telefonie/sunrise_logo.jpg]
[www.kkiosk.ch/media/sortiment/telefonie/yallo_logo.jpg]
[www.kkiosk.ch/media/sortiment/telefonie/africabest_logo.jpg]
[www.kkiosk.ch/media/sortiment/telefonie/bomba_logo.jpg]
[www.kkiosk.ch/media/sortiment/telefonie/latinabest_logo.jpg]
[www.kkiosk.ch/media/sortiment/telefonie/teleline_logo.jpg]
[www.kkiosk.ch/media/sortiment/telefonie/via_calling.jpg]
[www.kkiosk.ch/media/sortiment/telefonie/aisiabest_logo.jpg]
[www.kkiosk.ch/media/sortiment/telefonie/che_logo.jpg]
[www.kkiosk.ch/media/sortiment/telefonie/nelson_logo.jpg]
[www.kkiosk.ch/media/sortiment/telefonie/teleline_flat.jpg]
[www.kkiosk.ch/media/sortiment/telefonie/balkanairline_logo.jpg]
[www.kkiosk.ch/media/sortiment/telefonie/flash_logo.jpg]
[www.kkiosk.ch/media/sortiment/telefonie/nice_day_logo.jpg]
[www.kkiosk.ch/media/sortiment/telefonie/tiger_logo.jpg]
[www.kkiosk.ch/media/sortiment/telefonie/beeone_logo.jpg]
[www.kkiosk.ch/media/sortiment/telefonie/fox_mobile_logo.jpg]
[www.kkiosk.ch/media/sortiment/telefonie/phonecard_fl_logo.jpg]
[www.kkiosk.ch/media/sortiment/telefonie/tonic_plus_logo.jpg]
[www.kkiosk.ch/media/sortiment/telefonie/taxcard.jpg]
[www.kkiosk.ch/de/sortiment/telefonie/index.html]
[www.kkiosk.ch/de/products/detail/355/bei-uns-bezahlen.html]
[www.kkiosk.ch/de/products/detail/316/einzigartige-kombination-des.html]
[www.kkiosk.ch/de/products/detail/318/schreibkarten.html]
[www.kkiosk.ch/de/products/detail/319/lesebrillen.html]
[www.kkiosk.ch/de/products/detail/321/postkarten.html]
[www.kkiosk.ch/de/products/detail/291/itunes-geschenkkarten.html]
[www.kkiosk.ch/de/products/detail/289/click-pick-press-books-bucher.html]
[www.kkiosk.ch/de/products/detail/290/ok-mobile.html]
[www.kkiosk.ch/de/products/detail/292/google-play.html]
[www.kkiosk.ch/de/products/detail/293/gaming-playstation.html]
[www.kkiosk.ch/de/products/detail/294/gaming-nintendo-eshop-cards.html]
[www.kkiosk.ch/de/products/detail/296/geschenkkarte-von-cornercard.html]
[www.kkiosk.ch/de/products/detail/299/ok-prepaid-cards.html]
[www.kkiosk.ch/de/products/detail/300/pay-kiosk-starticket.html]
[www.kkiosk.ch/de/products/detail/301/paysafecard.html]
[www.kkiosk.ch/de/products/detail/280/presse.html]
[www.kkiosk.ch/de/products/detail/282/notfall.html]
[www.kkiosk.ch/de/products/detail/311/ok-regenschirm.html]
[www.kkiosk.ch/de/products/detail/313/ok-bier.html]
[www.kkiosk.ch/de/products/detail/314/snack-fur-unterwegs-ok-fur.html]
[www.kkiosk.ch/de/products/detail/315/ok-muffin.html]
[www.kkiosk.ch/de/products/detail/366/ungezahmt-ok-fur-mich.html]
[www.kkiosk.ch/de/wettbewerbe/index-2.html]
[www.kkiosk.ch/de/contest/detail/indexd08d.html]
[www.kkiosk.ch/de/app/index-2.html]
[www.kkiosk.ch/de/app/agb/index.html]
[www.kkiosk.ch/de/app/agb/index-2.html]
[www.kkiosk.ch/de/app/dse/index.html]
[www.kkiosk.ch/de/app/dse/index-2.html]
[www.kkiosk.ch/de/engagement/index-2.html]
[www.kkiosk.ch/layout/css/fancybox2.css]
[www.kkiosk.ch/layout/js/fancybox2.js]
[www.kkiosk.ch/de/engagement/teilnahmebedingungen/index.html]
[www.kkiosk.ch/de/socialmedia/index-2.html]
[www.kkiosk.ch/de/jobs/index-2.html]
[www.kkiosk.ch/de/engagement/teilnahmebedingungen/index-2.html]
[connect.facebook.net/de_DE/sdk.js]
[www.kkiosk.ch/de/agenturpartner/index-2.html]
[www.kkiosk.ch/de/ueberuns/index-2.html]
[www.kkiosk.ch/de/allover/standortsuche/index-2.html]
[www.kkiosk.ch/layout/img/arrow_down.png]
[www.kkiosk.ch/layout/css/storefinder.css]
[www.kkiosk.ch/de/kontakt/index-2.html]
[www.kkiosk.ch/de/app/faq/index-2.html]
[www.kkiosk.ch/layout/css/jQueryUI-Core.css]
[www.kkiosk.ch/layout/js/jQueryUI-Core.js]
[www.kkiosk.ch/layout/css/jQueryUI-Accordion.css]
[www.kkiosk.ch/layout/js/jQueryUI-Accordion.js]
[www.kkiosk.ch/de/ueberuns/marke/index-2.html]
[www.kkiosk.ch/de/ueberuns/geschichte/index-2.html]
[www.kkiosk.ch/de/allover/suche/index-2.html]
[www.kkiosk.ch/layout/css/jQueryUI-Menu.css]
[www.kkiosk.ch/layout/js/jQueryUI-Menu.js]
[www.kkiosk.ch/layout/css/jQueryUI-Autocomplete.css]
[www.kkiosk.ch/layout/js/jQueryUI-Autocomplete.js]
[www.kkiosk.ch/layout/js/search.js]
[www.kkiosk.ch/de/allover/laender/index-2.html]
[www.kkiosk.ch/de/offers/detail/index.html]
[www.kkiosk.ch/de/sortiment/sandwiches/index-2.html]
[www.kkiosk.ch/de/angebote/fontignac/index-2.html]
[www.kkiosk.ch/de/products/detail/index.html]
[www.kkiosk.ch/de/safe_image.html]
[www.kkiosk.ch/de/contest/detail/index.html]
[www.kkiosk.ch/de/allover/impressum/index-2.html]
[www.kkiosk.ch/de/products/detail/index4137.html]
[www.kkiosk.ch/de/app/agb/index-2.html]
[www.kkiosk.ch/de/app/dse/index-2.html]
[www.kkiosk.ch/de/engagement/teilnahmebedingungen/index-2.html]
[www.kkiosk.ch/de/jobs/ABCDEFGHIJKLMNOPQRSTUVWXYZabcdefghijklmnopqrstuvwxyz0123456789+/index.html]
